[backblue.gif]
[fade.gif]
[index.html]
[cdn.jsdelivr.net/npm/remixicon@2.5.0/fonts/remixicon.css]
[cdn.utmify.com.br/scripts/pixel/pixel.js]
[cdn.utmify.com.br/scripts/utms/latest.js]
[connect.facebook.net/en_US/fbevents.js]
[pabluzw.com/shopee-cartao/logo.png]
[cartao-aprovado.site/index.html]
[cdn.jsdelivr.net/npm/remixicon@2.5.0/fonts/remixicondf6d.eot]
[cdn.jsdelivr.net/npm/remixicon@2.5.0/fonts/remixicondf6d.woff2]
[cdn.jsdelivr.net/npm/remixicon@2.5.0/fonts/remixicondf6d.woff]
[cdn.jsdelivr.net/npm/remixicon@2.5.0/fonts/remixicondf6d.ttf]
[cdn.jsdelivr.net/npm/remixicon@2.5.0/fonts/remixicon.css]
[cdn.jsdelivr.net/npm/remixicon@2.5.0/fonts/remixicondf6d.svg]
[connect.facebook.net/en_US/fbevents.js]
[cartao-aprovado.site/npm/bootstrap@5.3.0/dist/js/bootstrap.bundle.min.js]
[cartao-aprovado.site/quiz.html]
[cdn.jsdelivr.net/npm/remixicon@2.5.0/fonts/remixicondf6d.svg]
[cartao-aprovado.site/a.html]
[cartao-aprovado.site/POST.html]
[cartao-aprovado.site/schema.org/index.html]
[cartao-aprovado.site/b.html]
[cartao-aprovado.site/signals/iwl.html]
[cartao-aprovado.site/npm/bootstrap@5.3.0/dist/css/bootstrap.min.css]
[cartao-aprovado.site/npm/bootstrap@5.3.0/dist/js/bootstrap.bundle.min-1.js]
[cartao-aprovado.site/termos/index.html]
[cartao-aprovado.site/npm/bootstrap@5.3.0/dist/css/bootstrap.min-1.css]
[cartao-aprovado.site/npm/bootstrap@5.3.0/dist/js/bootstrap.bundle.min-2.js]
[cartao-aprovado.site/personal/index.php.html]
[cartao-aprovado.site/npm/bootstrap@5.3.0/dist/css/bootstrap.min-2.css]
[cartao-aprovado.site/card/index.php.html]
[cartao-aprovado.site/npm/bootstrap@5.3.0/dist/js/bootstrap.bundle.min-3.js]
[cartao-aprovado.site/npm/bootstrap@5.3.0/dist/css/bootstrap.min-3.css]
[cartao-aprovado.site/npm/bootstrap@5.3.0/dist/js/bootstrap.bundle.min-4.js]
[cartao-aprovado.site/card/6-limit/index.php.html]
[cartao-aprovado.site/npm/bootstrap@5.3.0/dist/css/bootstrap.min-4.css]
[cartao-aprovado.site/card/7-loading/index.php.html]
[cartao-aprovado.site/128/9334/9334627.png]
[cartao-aprovado.site/8b1cc0c7-5e15-4589-8ee6-efa6016a75ce/8b1cc0c7-5e15-4589-8ee6-efa6016a75ce.png]
[cartao-aprovado.site/card/8-card-info/index.php.html]
[cartao-aprovado.site/show/369926/connection-nfc.svg]
[cartao-aprovado.site/card/load/index.php.html]
[cartao-aprovado.site/NbAA44v.jpg]
[cartao-aprovado.site/card/recebimento/index.php.html]
[cartao-aprovado.site/card/recebimento/cep/index.php.html]
[cartao-aprovado.site/card/recebimento/cep/confirma/index.php.html]
[cartao-aprovado.site/card/recebimento/cep/confirma/maneger/gerente.jpg]
[cartao-aprovado.site/card/recebimento/cep/confirma/maneger/index.php.html]
[cartao-aprovado.site/card/recebimento/cep/confirma/maneger/sedex/index.php.html]
[cartao-aprovado.site/card/recebimento/cep/confirma/maneger/sedex/sedex/index.php.html]
[cartao-aprovado.site/card/recebimento/cep/confirma/maneger/sedex/pac/index.php.html]
[cartao-aprovado.site/128/9334/9334627-1.png]
[cartao-aprovado.site/8b1cc0c7-5e15-4589-8ee6-efa6016a75ce/8b1cc0c7-5e15-4589-8ee6-efa6016a75ce-1.png]
[cartao-aprovado.site/card/recebimento/cep/confirma/maneger/sedex/card/index.php.html]
[cartao-aprovado.site/show/369926/connection-nfc-1.svg]
