[is1wvf-s7.myshopify.com/collections/frontpage/products/cafeteira-expresso-nescafe-dolce-gusto-promocao-exclusiva-de-verao.html]
[backblue.gif]
[fade.gif]
[index.html]
[connect.facebook.net/en_US/fbevents.js]
[is1wvf-s7.myshopify.com/collections/frontpage/products/'https_/imadigital.com.br']
[cdn.shopify.com/s/files/1/0565/5658/5007/files/title_description9afc.js]
[cdnjs.cloudflare.com/ajax/libs/font-awesome/6.0.0-beta3/css/all.min.css]
[is1wvf-s7.myshopify.com/cdn/shop/t/2/assets/theme99a0.css]
[is1wvf-s7.myshopify.com/cdn/shop/t/2/assets/customa70e.css]
[is1wvf-s7.myshopify.com/cdn/shop/t/2/assets/jquery1c32.js]
[is1wvf-s7.myshopify.com/cdn/shop/t/2/assets/theme.minaf58.js]
[cdn.shopify.com/shopifycloud/storefront-forms-hcaptcha/ce_storefront_forms_captcha_hcaptcha.v1.5.2.iife.js]
[is1wvf-s7.myshopify.com/cdn/shopifycloud/portable-wallets/latest/portable-wallets.pt-br.js]
[is1wvf-s7.myshopify.com/cdn/shopifycloud/portable-wallets/latest/accelerated-checkout-backwards-compat.css]
[is1wvf-s7.myshopify.com/cdn/shop/t/2/assets/zubane5b7.js]
[is1wvf-s7.myshopify.com/cdn/shop/t/2/assets/customf33c.js]
[ajax.googleapis.com/ajax/libs/jquery/3.6.0/jquery.min.js]
[is1wvf-s7.myshopify.com/collections/frontpage/products/POST]
[is1wvf-s7.myshopify.com/cdn/s/trekkie.storefront.e991c55e78bb7465ada1b8db33d441f155086734.min.js]
[is1wvf-s7.myshopify.com/cdn/shopifycloud/shopify/assets/shop_events_listener-af52bb5773aaa9f7f1f7f1f7e3a010a904a5c7213a959b83580d22bc7920a2e4.js]
[is1wvf-s7.myshopify.com/cdn/shopifycloud/perf-kit/shopify-perf-kit-1.3.0.min.js]
[is1wvf-s7.myshopify.com/cdn/shopifycloud/shopify/assets/no-image-2048-5e88c1b20e087fb7bbe9a3771824e743c244f437e4f8ba93bbf7b11b53f7824c_750x32.gif]
[is1wvf-s7.myshopify.com/cdn/shopifycloud/shopify/assets/no-image-2048-5e88c1b20e087fb7bbe9a3771824e743c244f437e4f8ba93bbf7b11b53f7824c_1920x50.gif]
[is1wvf-s7.myshopify.com/cdn/shop/files/amazon-logo_png_145x@2x9750.png]
[is1wvf-s7.myshopify.com/cdn/shop/files/PERFILMINIME_5_1b055aca-8a98-4f4f-b880-796473254742_800x6d42.jpg]
[is1wvf-s7.myshopify.com/cdn/shop/files/PERFILMINIME_5_1b055aca-8a98-4f4f-b880-796473254742_1024x6d42.jpg]
[cdn.shopify.com/s/files/1/0555/1928/1265/files/COPY42397.jpg]
[is1wvf-s7.myshopify.com/cdn/shop/t/2/assets/disponivel-google-play-badge_399x104201f.png]
[is1wvf-s7.myshopify.com/cdn/shop/t/2/assets/disponivel-na-app-store-botao_399x104076d.png]
[www.mercadopago.com/v2/security.js]
[is1wvf-s7.myshopify.com/cart/clear177b.js]
[is1wvf-s7.myshopify.com/collections/frontpage/products/GET.2d.delayed]
[is1wvf-s7.myshopify.com/collections/frontpage/products/url]
[is1wvf-s7.myshopify.com/collections/frontpage/products/window.location.href]
[cdn.shopify.com/extensions/5c27b748-6059-4292-b432-2b29cee77c43/bk-reviews-186/assets/bk-index-BjEgLFOX.css]
[is1wvf-s7.myshopify.com/collections/frontpage/products/cafeteira-expresso-nescafe-dolce-gusto-promocao-exclusiva-de-verao.html]
[cdn.shopify.com/extensions/5c27b748-6059-4292-b432-2b29cee77c43/bk-reviews-186/assets/bk-main-C34plbtu.js]
[is1wvf-s7.myshopify.com/collections/frontpage/products/a]
[is1wvf-s7.myshopify.com/collections/frontpage/products/b.resolvedLink]
[is1wvf-s7.myshopify.com/collections/frontpage/products/schema.org/index.html]
[is1wvf-s7.myshopify.com/signals/iwl.js]
[connect.facebook.net/en_US/fbevents.js]
[is1wvf-s7.myshopify.com/collections/frontpage/products/'https_/imadigital.com.html]
[cdnjs.cloudflare.com/ajax/libs/font-awesome/6.0.0-beta3/css/all.min.css]
[is1wvf-s7.myshopify.com/cdn/shop/t/2/assets/theme99a0.css]
[cdn.awsli.com.br/production/static/loja/estrutura/v1/img/loading.gif]
[is1wvf-s7.myshopify.com/cdn/shop/t/2/assets/customa70e.css]
[is1wvf-s7.myshopify.com/cdn/shopifycloud/portable-wallets/latest/accelerated-checkout-backwards-compat.css]
[is1wvf-s7.myshopify.com/collections/frontpage/products/POST.html]
[is1wvf-s7.myshopify.com/collections/frontpage/products/GET.html]
[is1wvf-s7.myshopify.com/collections/frontpage/products/url.html]
[is1wvf-s7.myshopify.com/collections/frontpage/products/window.location.href]
[cdn.shopify.com/bk-ajax-loader-BcnMEykj.37.delayed]
[cdn.shopify.com/extensions/5c27b748-6059-4292-b432-2b29cee77c43/bk-reviews-186/assets/bk-index-BjEgLFOX.css]
[is1wvf-s7.myshopify.com/collections/frontpage/products/a.html]
[is1wvf-s7.myshopify.com/collections/frontpage/products/schema.org/index.html]
[is1wvf-s7.myshopify.com/collections/frontpage/products/b.resolvedLink]
[is1wvf-s7.myshopify.com/signals/iwl.js]
[cdn.shopify.com/bk-ajax-loader-BcnMEykj.html]
